---
source: src/ui/mod.rs
expression: terminal.backend()
---
"┌──────────────────────────────────────────────────────────────────────────────┐"
"│Model Selection (1/3)                                                         │"
"└──────────────────────────────────────────────────────────────────────────────┘"
"┌Available Models (↑↓/PgUp/PgDn to navigate, Space/Enter to toggle)────────────┐"
"│[✓] Model 1                                                                   │"
"│[✓] Model 2                                                                   │"
"│[✓] Model 3                                                                   │"
"│                                                                              │"
"│                                                                              │"
"│                                                                              │"
"│                                                                              │"
"│                                                                              │"
"│                                                                              │"
"│                                                                              │"
"│                                                                              │"
"│                                                                              │"
"│                                                                              │"
"│                                                                              │"
"│                                                                              │"
"│                                                                              │"
"└──────────────────────────────────────────────────────────────────────────────┘"
"┌Help──────────────────────────────────────────────────────────────────────────┐"
"│Esc: Back | Space/Enter: Toggle | ↑↓/PgUp/PgDn: Navigate | A-Z: Jump          │"
"└──────────────────────────────────────────────────────────────────────────────┘"
