---
source: src/ui/mod.rs
expression: terminal.backend()
---
"┌Active Models─────────────────────────────────────────────────────────────────┐"
"│[Model 1] [Model 2] [Model 3] (←→: focus panel | ↑↓: scroll | Tab: cycle | F2:│"
"└──────────────────────────────────────────────────────────────────────────────┘"
"┌► ⠋ Model 1─────────────┐┌Model 2──────────────────┐┌Model 3─────────────────┐ "
"│Loading response... ⠋   ││No messages yet          ││No messages yet         │ "
"│                        ││                         ││                        │ "
"│                        ││                         ││                        │ "
"│                        ││                         ││                        │ "
"│                        ││                         ││                        │ "
"│                        ││                         ││                        │ "
"│                        ││                         ││                        │ "
"│                        ││                         ││                        │ "
"│                        ││                         ││                        │ "
"│                        ││                         ││                        │ "
"│                        ││                         ││                        │ "
"│                        ││                         ││                        │ "
"│                        ││                         ││                        │ "
"│                        ││                         ││                        │ "
"│                        ││                         ││                        │ "
"│                        ││                         ││                        │ "
"└────────────────────────┘└─────────────────────────┘└────────────────────────┘ "
"┌Input─────────────────────────────────────────────────────────────────────────┐"
"│                                                                              │"
"└──────────────────────────────────────────────────────────────────────────────┘"
